// Vitest Snapshot v1

exports[`Snapshots SongItem.vue > renders correctly 1`] = `
<li
  class="flex justify-between items-center p-3 pl-6 cursor-pointer transition duration-300 hover:bg-gray-50"
  id="song-id-01234"
>
  <div>
    <router-link-stub
      class="font-bold block text-gray-600"
      custom="false"
      to="[object Object]"
    />
    <span
      class="display_name text-gray-500 text-sm"
    >
      display_name_test
    </span>
  </div>
  <div
    class="text-gray-600 text-lg"
  >
    <router-link-stub
      custom="true"
      to="[object Object]"
    />
  </div>
</li>
`;
